
> temp-app@0.1.0 build
> next build

node.exe : 
At line:1 char:1
+ & "C:\Program 
Files\nodejs/node.exe" "C:\Use
rs\ROHIT\AppData\Roaming\ ...
+ ~~~~~~~~~~~~~~~~~~~~~~~~~~~~
~~~~~~~~~~~~~~~~~~~~~~~~~~~~~~
~~~~~~~~~~~ 
    + CategoryInfo          : 
    NotSpecified: (:String)   
  [], RemoteException
    + FullyQualifiedErrorId : 
    NativeCommandError
 
> Build error occurred
Error: EPERM: operation not 
permitted, unlink 'C:\Users\RO
HIT\OneDrive\Desktop\pest cont
rol\.next\static\k8MzZ7Gc2RoFP
0atHu0nb'
    at ignore-listed frames {
  errno: -4048,
  code: 'EPERM',
  syscall: 'unlink',
  path: 'C:\\Users\\ROHIT\\One
Drive\\Desktop\\pest control\\
.next\\static\\k8MzZ7Gc2RoFP0a
tHu0nb'
}